[2022-04-07T00:35:42.101+0000][gc,heap] Heap region size: 1M
[2022-04-07T00:35:42.111+0000][gc     ] Using G1
[2022-04-07T00:35:42.111+0000][gc,heap,coops] Heap address: 0x00000000c0000000, size: 1024 MB, Compressed Oops mode: 32-bit
[2022-04-07T00:35:42.851+0000][gc,start     ] GC(0) Pause Young (Concurrent Start) (Metadata GC Threshold)
[2022-04-07T00:35:42.851+0000][gc,task      ] GC(0) Using 6 workers of 6 for evacuation
[2022-04-07T00:35:42.859+0000][gc,phases    ] GC(0)   Pre Evacuate Collection Set: 0.0ms
[2022-04-07T00:35:42.859+0000][gc,phases    ] GC(0)   Evacuate Collection Set: 6.4ms
[2022-04-07T00:35:42.859+0000][gc,phases    ] GC(0)   Post Evacuate Collection Set: 0.6ms
[2022-04-07T00:35:42.859+0000][gc,phases    ] GC(0)   Other: 0.8ms
[2022-04-07T00:35:42.859+0000][gc,heap      ] GC(0) Eden regions: 42->0(44)
[2022-04-07T00:35:42.859+0000][gc,heap      ] GC(0) Survivor regions: 0->7(7)
[2022-04-07T00:35:42.859+0000][gc,heap      ] GC(0) Old regions: 0->0
[2022-04-07T00:35:42.859+0000][gc,heap      ] GC(0) Humongous regions: 0->0
[2022-04-07T00:35:42.859+0000][gc,metaspace ] GC(0) Metaspace: 20800K->20800K(1069056K)
[2022-04-07T00:35:42.859+0000][gc           ] GC(0) Pause Young (Concurrent Start) (Metadata GC Threshold) 42M->6M(1024M) 8.033ms
[2022-04-07T00:35:42.859+0000][gc,cpu       ] GC(0) User=0.02s Sys=0.00s Real=0.00s
[2022-04-07T00:35:42.859+0000][gc           ] GC(1) Concurrent Cycle
[2022-04-07T00:35:42.859+0000][gc,marking   ] GC(1) Concurrent Clear Claimed Marks
[2022-04-07T00:35:42.859+0000][gc,marking   ] GC(1) Concurrent Clear Claimed Marks 0.018ms
[2022-04-07T00:35:42.859+0000][gc,marking   ] GC(1) Concurrent Scan Root Regions
[2022-04-07T00:35:42.860+0000][gc,marking   ] GC(1) Concurrent Scan Root Regions 1.527ms
[2022-04-07T00:35:42.860+0000][gc,marking   ] GC(1) Concurrent Mark (0.763s)
[2022-04-07T00:35:42.860+0000][gc,marking   ] GC(1) Concurrent Mark From Roots
[2022-04-07T00:35:42.860+0000][gc,task      ] GC(1) Using 2 workers of 2 for marking
[2022-04-07T00:35:42.861+0000][gc,marking   ] GC(1) Concurrent Mark From Roots 0.487ms
[2022-04-07T00:35:42.861+0000][gc,marking   ] GC(1) Concurrent Preclean
[2022-04-07T00:35:42.861+0000][gc,marking   ] GC(1) Concurrent Preclean 0.060ms
[2022-04-07T00:35:42.861+0000][gc,marking   ] GC(1) Concurrent Mark (0.763s, 0.764s) 0.591ms
[2022-04-07T00:35:42.861+0000][gc,start     ] GC(1) Pause Remark
[2022-04-07T00:35:42.862+0000][gc,stringtable] GC(1) Cleaned string and symbol table, strings: 7464 processed, 0 removed, symbols: 64157 processed, 32 removed
[2022-04-07T00:35:42.863+0000][gc            ] GC(1) Pause Remark 7M->7M(1024M) 1.606ms
[2022-04-07T00:35:42.863+0000][gc,cpu        ] GC(1) User=0.01s Sys=0.00s Real=0.00s
[2022-04-07T00:35:42.863+0000][gc,marking    ] GC(1) Concurrent Rebuild Remembered Sets
[2022-04-07T00:35:42.863+0000][gc,marking    ] GC(1) Concurrent Rebuild Remembered Sets 0.123ms
[2022-04-07T00:35:42.863+0000][gc,start      ] GC(1) Pause Cleanup
[2022-04-07T00:35:42.863+0000][gc            ] GC(1) Pause Cleanup 7M->7M(1024M) 0.213ms
[2022-04-07T00:35:42.863+0000][gc,cpu        ] GC(1) User=0.00s Sys=0.00s Real=0.00s
[2022-04-07T00:35:42.863+0000][gc,marking    ] GC(1) Concurrent Cleanup for Next Mark
[2022-04-07T00:35:42.868+0000][gc,marking    ] GC(1) Concurrent Cleanup for Next Mark 4.965ms
[2022-04-07T00:35:42.868+0000][gc            ] GC(1) Concurrent Cycle 9.604ms
[2022-04-07T00:35:43.533+0000][gc,start      ] GC(2) Pause Young (Normal) (G1 Evacuation Pause)
[2022-04-07T00:35:43.533+0000][gc,task       ] GC(2) Using 6 workers of 6 for evacuation
[2022-04-07T00:35:43.540+0000][gc,phases     ] GC(2)   Pre Evacuate Collection Set: 0.0ms
[2022-04-07T00:35:43.540+0000][gc,phases     ] GC(2)   Evacuate Collection Set: 5.8ms
[2022-04-07T00:35:43.540+0000][gc,phases     ] GC(2)   Post Evacuate Collection Set: 0.6ms
[2022-04-07T00:35:43.540+0000][gc,phases     ] GC(2)   Other: 0.2ms
[2022-04-07T00:35:43.540+0000][gc,heap       ] GC(2) Eden regions: 44->0(48)
[2022-04-07T00:35:43.540+0000][gc,heap       ] GC(2) Survivor regions: 7->3(7)
[2022-04-07T00:35:43.540+0000][gc,heap       ] GC(2) Old regions: 0->7
[2022-04-07T00:35:43.540+0000][gc,heap       ] GC(2) Humongous regions: 129->129
[2022-04-07T00:35:43.540+0000][gc,metaspace  ] GC(2) Metaspace: 30582K->30582K(1077248K)
[2022-04-07T00:35:43.540+0000][gc            ] GC(2) Pause Young (Normal) (G1 Evacuation Pause) 179M->137M(1024M) 6.650ms
[2022-04-07T00:35:43.540+0000][gc,cpu        ] GC(2) User=0.03s Sys=0.00s Real=0.00s
[2022-04-07T00:35:43.733+0000][gc,start      ] GC(3) Pause Young (Concurrent Start) (Metadata GC Threshold)
[2022-04-07T00:35:43.733+0000][gc,task       ] GC(3) Using 6 workers of 6 for evacuation
[2022-04-07T00:35:43.736+0000][gc,phases     ] GC(3)   Pre Evacuate Collection Set: 0.1ms
[2022-04-07T00:35:43.736+0000][gc,phases     ] GC(3)   Evacuate Collection Set: 1.7ms
[2022-04-07T00:35:43.736+0000][gc,phases     ] GC(3)   Post Evacuate Collection Set: 0.4ms
[2022-04-07T00:35:43.736+0000][gc,phases     ] GC(3)   Other: 0.2ms
[2022-04-07T00:35:43.736+0000][gc,heap       ] GC(3) Eden regions: 21->0(48)
[2022-04-07T00:35:43.736+0000][gc,heap       ] GC(3) Survivor regions: 3->3(7)
[2022-04-07T00:35:43.736+0000][gc,heap       ] GC(3) Old regions: 7->7
[2022-04-07T00:35:43.736+0000][gc,heap       ] GC(3) Humongous regions: 129->129
[2022-04-07T00:35:43.736+0000][gc,metaspace  ] GC(3) Metaspace: 34933K->34933K(1081344K)
[2022-04-07T00:35:43.736+0000][gc            ] GC(3) Pause Young (Concurrent Start) (Metadata GC Threshold) 158M->138M(1024M) 2.431ms
[2022-04-07T00:35:43.736+0000][gc,cpu        ] GC(3) User=0.01s Sys=0.00s Real=0.00s
[2022-04-07T00:35:43.736+0000][gc            ] GC(4) Concurrent Cycle
[2022-04-07T00:35:43.736+0000][gc,marking    ] GC(4) Concurrent Clear Claimed Marks
[2022-04-07T00:35:43.736+0000][gc,marking    ] GC(4) Concurrent Clear Claimed Marks 0.029ms
[2022-04-07T00:35:43.736+0000][gc,marking    ] GC(4) Concurrent Scan Root Regions
[2022-04-07T00:35:43.737+0000][gc,marking    ] GC(4) Concurrent Scan Root Regions 1.308ms
[2022-04-07T00:35:43.737+0000][gc,marking    ] GC(4) Concurrent Mark (1.640s)
[2022-04-07T00:35:43.737+0000][gc,marking    ] GC(4) Concurrent Mark From Roots
[2022-04-07T00:35:43.737+0000][gc,task       ] GC(4) Using 2 workers of 2 for marking
[2022-04-07T00:35:43.743+0000][gc,marking    ] GC(4) Concurrent Mark From Roots 5.303ms
[2022-04-07T00:35:43.743+0000][gc,marking    ] GC(4) Concurrent Preclean
[2022-04-07T00:35:43.743+0000][gc,marking    ] GC(4) Concurrent Preclean 0.084ms
[2022-04-07T00:35:43.743+0000][gc,marking    ] GC(4) Concurrent Mark (1.640s, 1.645s) 5.423ms
[2022-04-07T00:35:43.743+0000][gc,start      ] GC(4) Pause Remark
[2022-04-07T00:35:43.744+0000][gc,stringtable] GC(4) Cleaned string and symbol table, strings: 10984 processed, 7 removed, symbols: 96019 processed, 29 removed
[2022-04-07T00:35:43.745+0000][gc            ] GC(4) Pause Remark 139M->139M(1024M) 1.770ms
[2022-04-07T00:35:43.745+0000][gc,cpu        ] GC(4) User=0.01s Sys=0.00s Real=0.00s
[2022-04-07T00:35:43.745+0000][gc,marking    ] GC(4) Concurrent Rebuild Remembered Sets
[2022-04-07T00:35:43.747+0000][gc,marking    ] GC(4) Concurrent Rebuild Remembered Sets 2.833ms
[2022-04-07T00:35:43.748+0000][gc,start      ] GC(4) Pause Cleanup
[2022-04-07T00:35:43.748+0000][gc            ] GC(4) Pause Cleanup 139M->139M(1024M) 0.200ms
[2022-04-07T00:35:43.748+0000][gc,cpu        ] GC(4) User=0.00s Sys=0.00s Real=0.00s
[2022-04-07T00:35:43.748+0000][gc,marking    ] GC(4) Concurrent Cleanup for Next Mark
[2022-04-07T00:35:43.754+0000][gc,marking    ] GC(4) Concurrent Cleanup for Next Mark 5.620ms
[2022-04-07T00:35:43.754+0000][gc            ] GC(4) Concurrent Cycle 17.737ms
[2022-04-07T00:35:44.235+0000][gc,start      ] GC(5) Pause Young (Normal) (G1 Evacuation Pause)
[2022-04-07T00:35:44.235+0000][gc,task       ] GC(5) Using 6 workers of 6 for evacuation
[2022-04-07T00:35:44.240+0000][gc,phases     ] GC(5)   Pre Evacuate Collection Set: 0.1ms
[2022-04-07T00:35:44.240+0000][gc,phases     ] GC(5)   Evacuate Collection Set: 4.0ms
[2022-04-07T00:35:44.240+0000][gc,phases     ] GC(5)   Post Evacuate Collection Set: 0.6ms
[2022-04-07T00:35:44.240+0000][gc,phases     ] GC(5)   Other: 0.2ms
[2022-04-07T00:35:44.240+0000][gc,heap       ] GC(5) Eden regions: 48->0(44)
[2022-04-07T00:35:44.240+0000][gc,heap       ] GC(5) Survivor regions: 3->7(7)
[2022-04-07T00:35:44.240+0000][gc,heap       ] GC(5) Old regions: 7->7
[2022-04-07T00:35:44.240+0000][gc,heap       ] GC(5) Humongous regions: 129->129
[2022-04-07T00:35:44.240+0000][gc,metaspace  ] GC(5) Metaspace: 43392K->43392K(1089536K)
[2022-04-07T00:35:44.240+0000][gc            ] GC(5) Pause Young (Normal) (G1 Evacuation Pause) 186M->141M(1024M) 5.018ms
[2022-04-07T00:35:44.240+0000][gc,cpu        ] GC(5) User=0.03s Sys=0.00s Real=0.01s
[2022-04-07T00:36:26.470+0000][gc,start      ] GC(6) Pause Young (Normal) (G1 Evacuation Pause)
[2022-04-07T00:36:26.470+0000][gc,task       ] GC(6) Using 6 workers of 6 for evacuation
[2022-04-07T00:36:26.477+0000][gc,phases     ] GC(6)   Pre Evacuate Collection Set: 0.2ms
[2022-04-07T00:36:26.477+0000][gc,phases     ] GC(6)   Evacuate Collection Set: 5.5ms
[2022-04-07T00:36:26.477+0000][gc,phases     ] GC(6)   Post Evacuate Collection Set: 0.8ms
[2022-04-07T00:36:26.477+0000][gc,phases     ] GC(6)   Other: 0.3ms
[2022-04-07T00:36:26.477+0000][gc,heap       ] GC(6) Eden regions: 44->0(48)
[2022-04-07T00:36:26.477+0000][gc,heap       ] GC(6) Survivor regions: 7->3(7)
[2022-04-07T00:36:26.477+0000][gc,heap       ] GC(6) Old regions: 7->13
[2022-04-07T00:36:26.477+0000][gc,heap       ] GC(6) Humongous regions: 129->129
[2022-04-07T00:36:26.477+0000][gc,metaspace  ] GC(6) Metaspace: 49484K->49484K(1093632K)
[2022-04-07T00:36:26.477+0000][gc            ] GC(6) Pause Young (Normal) (G1 Evacuation Pause) 185M->144M(1024M) 6.907ms
[2022-04-07T00:36:26.477+0000][gc,cpu        ] GC(6) User=0.04s Sys=0.00s Real=0.00s
[2022-04-07T00:45:44.141+0000][gc,start      ] GC(7) Pause Young (Normal) (G1 Evacuation Pause)
[2022-04-07T00:45:44.141+0000][gc,task       ] GC(7) Using 6 workers of 6 for evacuation
[2022-04-07T00:45:44.147+0000][gc,phases     ] GC(7)   Pre Evacuate Collection Set: 0.2ms
[2022-04-07T00:45:44.147+0000][gc,phases     ] GC(7)   Evacuate Collection Set: 4.1ms
[2022-04-07T00:45:44.147+0000][gc,phases     ] GC(7)   Post Evacuate Collection Set: 0.9ms
[2022-04-07T00:45:44.147+0000][gc,phases     ] GC(7)   Other: 0.3ms
[2022-04-07T00:45:44.147+0000][gc,heap       ] GC(7) Eden regions: 48->0(45)
[2022-04-07T00:45:44.147+0000][gc,heap       ] GC(7) Survivor regions: 3->6(7)
[2022-04-07T00:45:44.147+0000][gc,heap       ] GC(7) Old regions: 13->13
[2022-04-07T00:45:44.147+0000][gc,heap       ] GC(7) Humongous regions: 129->129
[2022-04-07T00:45:44.147+0000][gc,metaspace  ] GC(7) Metaspace: 52359K->52359K(1097728K)
[2022-04-07T00:45:44.147+0000][gc            ] GC(7) Pause Young (Normal) (G1 Evacuation Pause) 192M->147M(1024M) 5.700ms
[2022-04-07T00:45:44.147+0000][gc,cpu        ] GC(7) User=0.03s Sys=0.00s Real=0.00s
[2022-04-07T00:54:20.769+0000][gc,start      ] GC(8) Pause Young (Normal) (G1 Evacuation Pause)
[2022-04-07T00:54:20.769+0000][gc,task       ] GC(8) Using 6 workers of 6 for evacuation
[2022-04-07T00:54:20.775+0000][gc,phases     ] GC(8)   Pre Evacuate Collection Set: 0.2ms
[2022-04-07T00:54:20.775+0000][gc,phases     ] GC(8)   Evacuate Collection Set: 4.3ms
[2022-04-07T00:54:20.775+0000][gc,phases     ] GC(8)   Post Evacuate Collection Set: 0.7ms
[2022-04-07T00:54:20.775+0000][gc,phases     ] GC(8)   Other: 0.3ms
[2022-04-07T00:54:20.775+0000][gc,heap       ] GC(8) Eden regions: 45->0(47)
[2022-04-07T00:54:20.775+0000][gc,heap       ] GC(8) Survivor regions: 6->4(7)
[2022-04-07T00:54:20.775+0000][gc,heap       ] GC(8) Old regions: 13->16
[2022-04-07T00:54:20.775+0000][gc,heap       ] GC(8) Humongous regions: 129->129
[2022-04-07T00:54:20.775+0000][gc,metaspace  ] GC(8) Metaspace: 52456K->52456K(1097728K)
[2022-04-07T00:54:20.775+0000][gc            ] GC(8) Pause Young (Normal) (G1 Evacuation Pause) 192M->147M(1024M) 5.478ms
[2022-04-07T00:54:20.775+0000][gc,cpu        ] GC(8) User=0.02s Sys=0.00s Real=0.00s
[2022-04-07T01:01:39.887+0000][gc,start      ] GC(9) Pause Young (Normal) (G1 Evacuation Pause)
[2022-04-07T01:01:39.887+0000][gc,task       ] GC(9) Using 6 workers of 6 for evacuation
[2022-04-07T01:01:39.891+0000][gc,phases     ] GC(9)   Pre Evacuate Collection Set: 0.3ms
[2022-04-07T01:01:39.891+0000][gc,phases     ] GC(9)   Evacuate Collection Set: 2.8ms
[2022-04-07T01:01:39.891+0000][gc,phases     ] GC(9)   Post Evacuate Collection Set: 0.7ms
[2022-04-07T01:01:39.891+0000][gc,phases     ] GC(9)   Other: 0.3ms
[2022-04-07T01:01:39.891+0000][gc,heap       ] GC(9) Eden regions: 47->0(50)
[2022-04-07T01:01:39.891+0000][gc,heap       ] GC(9) Survivor regions: 4->3(7)
[2022-04-07T01:01:39.891+0000][gc,heap       ] GC(9) Old regions: 16->16
[2022-04-07T01:01:39.891+0000][gc,heap       ] GC(9) Humongous regions: 129->129
[2022-04-07T01:01:39.891+0000][gc,metaspace  ] GC(9) Metaspace: 52543K->52543K(1097728K)
[2022-04-07T01:01:39.891+0000][gc            ] GC(9) Pause Young (Normal) (G1 Evacuation Pause) 194M->147M(1024M) 4.140ms
[2022-04-07T01:01:39.891+0000][gc,cpu        ] GC(9) User=0.02s Sys=0.00s Real=0.01s
[2022-04-07T01:09:31.575+0000][gc,start      ] GC(10) Pause Young (Normal) (G1 Evacuation Pause)
[2022-04-07T01:09:31.575+0000][gc,task       ] GC(10) Using 6 workers of 6 for evacuation
[2022-04-07T01:09:31.580+0000][gc,phases     ] GC(10)   Pre Evacuate Collection Set: 0.2ms
[2022-04-07T01:09:31.580+0000][gc,phases     ] GC(10)   Evacuate Collection Set: 3.4ms
[2022-04-07T01:09:31.580+0000][gc,phases     ] GC(10)   Post Evacuate Collection Set: 0.7ms
[2022-04-07T01:09:31.580+0000][gc,phases     ] GC(10)   Other: 0.3ms
[2022-04-07T01:09:31.580+0000][gc,heap       ] GC(10) Eden regions: 50->0(84)
[2022-04-07T01:09:31.580+0000][gc,heap       ] GC(10) Survivor regions: 3->4(7)
[2022-04-07T01:09:31.580+0000][gc,heap       ] GC(10) Old regions: 16->16
[2022-04-07T01:09:31.580+0000][gc,heap       ] GC(10) Humongous regions: 129->129
[2022-04-07T01:09:31.580+0000][gc,metaspace  ] GC(10) Metaspace: 52575K->52575K(1097728K)
[2022-04-07T01:09:31.580+0000][gc            ] GC(10) Pause Young (Normal) (G1 Evacuation Pause) 197M->147M(1024M) 4.611ms
[2022-04-07T01:09:31.580+0000][gc,cpu        ] GC(10) User=0.02s Sys=0.00s Real=0.00s
[2022-04-07T01:24:50.770+0000][gc,start      ] GC(11) Pause Young (Normal) (G1 Evacuation Pause)
[2022-04-07T01:24:50.770+0000][gc,task       ] GC(11) Using 6 workers of 6 for evacuation
[2022-04-07T01:24:50.774+0000][gc,phases     ] GC(11)   Pre Evacuate Collection Set: 0.2ms
[2022-04-07T01:24:50.774+0000][gc,phases     ] GC(11)   Evacuate Collection Set: 3.7ms
[2022-04-07T01:24:50.774+0000][gc,phases     ] GC(11)   Post Evacuate Collection Set: 0.7ms
[2022-04-07T01:24:50.775+0000][gc,phases     ] GC(11)   Other: 0.3ms
[2022-04-07T01:24:50.775+0000][gc,heap       ] GC(11) Eden regions: 84->0(341)
[2022-04-07T01:24:50.775+0000][gc,heap       ] GC(11) Survivor regions: 4->4(11)
[2022-04-07T01:24:50.775+0000][gc,heap       ] GC(11) Old regions: 16->16
[2022-04-07T01:24:50.775+0000][gc,heap       ] GC(11) Humongous regions: 129->129
[2022-04-07T01:24:50.775+0000][gc,metaspace  ] GC(11) Metaspace: 52835K->52835K(1097728K)
[2022-04-07T01:24:50.775+0000][gc            ] GC(11) Pause Young (Normal) (G1 Evacuation Pause) 231M->147M(1024M) 4.945ms
[2022-04-07T01:24:50.775+0000][gc,cpu        ] GC(11) User=0.03s Sys=0.00s Real=0.00s
