[2022-04-07T00:35:39.860+0000][gc,heap] Heap region size: 1M
[2022-04-07T00:35:39.866+0000][gc     ] Using G1
[2022-04-07T00:35:39.866+0000][gc,heap,coops] Heap address: 0x00000000e0000000, size: 512 MB, Compressed Oops mode: 32-bit
[2022-04-07T00:35:40.375+0000][gc,start     ] GC(0) Pause Young (Normal) (G1 Evacuation Pause)
[2022-04-07T00:35:40.376+0000][gc,task      ] GC(0) Using 6 workers of 6 for evacuation
[2022-04-07T00:35:40.380+0000][gc,phases    ] GC(0)   Pre Evacuate Collection Set: 0.0ms
[2022-04-07T00:35:40.380+0000][gc,phases    ] GC(0)   Evacuate Collection Set: 4.0ms
[2022-04-07T00:35:40.380+0000][gc,phases    ] GC(0)   Post Evacuate Collection Set: 0.5ms
[2022-04-07T00:35:40.380+0000][gc,phases    ] GC(0)   Other: 0.7ms
[2022-04-07T00:35:40.380+0000][gc,heap      ] GC(0) Eden regions: 25->0(21)
[2022-04-07T00:35:40.380+0000][gc,heap      ] GC(0) Survivor regions: 0->4(4)
[2022-04-07T00:35:40.380+0000][gc,heap      ] GC(0) Old regions: 0->4
[2022-04-07T00:35:40.380+0000][gc,heap      ] GC(0) Humongous regions: 0->0
[2022-04-07T00:35:40.380+0000][gc,metaspace ] GC(0) Metaspace: 15511K->15511K(1062912K)
[2022-04-07T00:35:40.380+0000][gc           ] GC(0) Pause Young (Normal) (G1 Evacuation Pause) 25M->7M(512M) 5.233ms
[2022-04-07T00:35:40.380+0000][gc,cpu       ] GC(0) User=0.01s Sys=0.02s Real=0.01s
